###############################################################################
#
# IAR ELF Linker V7.70.1.11437/W32 for ARM                08/Sep/2018  09:52:43
# Copyright 2007-2016 IAR Systems AB.
#
#    Output file  =  
#        C:\Users\jding\Desktop\国赛程序整理\Prj\IAR\FN15_Debug\Exe\vcan_Kinetis.out
#    Map file     =  
#        C:\Users\jding\Desktop\国赛程序整理\Prj\IAR\FN15_Debug\List\vcan_Kinetis.map
#    Command line =  
#        C:\Users\jding\Desktop\国赛程序整理\Prj\IAR\FN15_Debug\Obj\devoce.o
#        C:\Users\jding\Desktop\国赛程序整理\Prj\IAR\FN15_Debug\Obj\diskio.o
#        C:\Users\jding\Desktop\国赛程序整理\Prj\IAR\FN15_Debug\Obj\ff.o
#        C:\Users\jding\Desktop\国赛程序整理\Prj\IAR\FN15_Debug\Obj\ImageProcessing.o
#        C:\Users\jding\Desktop\国赛程序整理\Prj\IAR\FN15_Debug\Obj\main.o
#        C:\Users\jding\Desktop\国赛程序整理\Prj\IAR\FN15_Debug\Obj\misc.o
#        C:\Users\jding\Desktop\国赛程序整理\Prj\IAR\FN15_Debug\Obj\MK60_adc.o
#        C:\Users\jding\Desktop\国赛程序整理\Prj\IAR\FN15_Debug\Obj\MK60_can.o
#        C:\Users\jding\Desktop\国赛程序整理\Prj\IAR\FN15_Debug\Obj\MK60_conf.o
#        C:\Users\jding\Desktop\国赛程序整理\Prj\IAR\FN15_Debug\Obj\MK60_dac.o
#        C:\Users\jding\Desktop\国赛程序整理\Prj\IAR\FN15_Debug\Obj\MK60_dma.o
#        C:\Users\jding\Desktop\国赛程序整理\Prj\IAR\FN15_Debug\Obj\MK60_DWT.o
#        C:\Users\jding\Desktop\国赛程序整理\Prj\IAR\FN15_Debug\Obj\MK60_flash.o
#        C:\Users\jding\Desktop\国赛程序整理\Prj\IAR\FN15_Debug\Obj\MK60_flexbus.o
#        C:\Users\jding\Desktop\国赛程序整理\Prj\IAR\FN15_Debug\Obj\MK60_ftm.o
#        C:\Users\jding\Desktop\国赛程序整理\Prj\IAR\FN15_Debug\Obj\MK60_gpio.o
#        C:\Users\jding\Desktop\国赛程序整理\Prj\IAR\FN15_Debug\Obj\MK60_i2c.o
#        C:\Users\jding\Desktop\国赛程序整理\Prj\IAR\FN15_Debug\Obj\MK60_it.o
#        C:\Users\jding\Desktop\国赛程序整理\Prj\IAR\FN15_Debug\Obj\MK60_lptmr.o
#        C:\Users\jding\Desktop\国赛程序整理\Prj\IAR\FN15_Debug\Obj\MK60_mcg.o
#        C:\Users\jding\Desktop\国赛程序整理\Prj\IAR\FN15_Debug\Obj\MK60_PIT.o
#        C:\Users\jding\Desktop\国赛程序整理\Prj\IAR\FN15_Debug\Obj\MK60_port.o
#        C:\Users\jding\Desktop\国赛程序整理\Prj\IAR\FN15_Debug\Obj\MK60_rtc.o
#        C:\Users\jding\Desktop\国赛程序整理\Prj\IAR\FN15_Debug\Obj\MK60_sdhc.o
#        C:\Users\jding\Desktop\国赛程序整理\Prj\IAR\FN15_Debug\Obj\MK60_spi.o
#        C:\Users\jding\Desktop\国赛程序整理\Prj\IAR\FN15_Debug\Obj\MK60_SysTick.o
#        C:\Users\jding\Desktop\国赛程序整理\Prj\IAR\FN15_Debug\Obj\MK60_uart.o
#        C:\Users\jding\Desktop\国赛程序整理\Prj\IAR\FN15_Debug\Obj\MK60_usb.o
#        C:\Users\jding\Desktop\国赛程序整理\Prj\IAR\FN15_Debug\Obj\MK60_wdog.o
#        C:\Users\jding\Desktop\国赛程序整理\Prj\IAR\FN15_Debug\Obj\MotorControl.o
#        C:\Users\jding\Desktop\国赛程序整理\Prj\IAR\FN15_Debug\Obj\ServoControl.o
#        C:\Users\jding\Desktop\国赛程序整理\Prj\IAR\FN15_Debug\Obj\startup_MK60DZ10.o
#        C:\Users\jding\Desktop\国赛程序整理\Prj\IAR\FN15_Debug\Obj\system_MK60DZ10.o
#        C:\Users\jding\Desktop\国赛程序整理\Prj\IAR\FN15_Debug\Obj\USB.o
#        C:\Users\jding\Desktop\国赛程序整理\Prj\IAR\FN15_Debug\Obj\USB_CDC.o
#        C:\Users\jding\Desktop\国赛程序整理\Prj\IAR\FN15_Debug\Obj\VCAN_ASCII.o
#        C:\Users\jding\Desktop\国赛程序整理\Prj\IAR\FN15_Debug\Obj\VCAN_BMP.o
#        C:\Users\jding\Desktop\国赛程序整理\Prj\IAR\FN15_Debug\Obj\VCAN_camera.o
#        C:\Users\jding\Desktop\国赛程序整理\Prj\IAR\FN15_Debug\Obj\VCAN_computer.o
#        C:\Users\jding\Desktop\国赛程序整理\Prj\IAR\FN15_Debug\Obj\vcan_img2sd.o
#        C:\Users\jding\Desktop\国赛程序整理\Prj\IAR\FN15_Debug\Obj\VCAN_key.o
#        C:\Users\jding\Desktop\国赛程序整理\Prj\IAR\FN15_Debug\Obj\VCAN_key_event.o
#        C:\Users\jding\Desktop\国赛程序整理\Prj\IAR\FN15_Debug\Obj\VCAN_LCD.o
#        C:\Users\jding\Desktop\国赛程序整理\Prj\IAR\FN15_Debug\Obj\VCAN_LCD_CH.o
#        C:\Users\jding\Desktop\国赛程序整理\Prj\IAR\FN15_Debug\Obj\VCAN_LCD_ILI9341.o
#        C:\Users\jding\Desktop\国赛程序整理\Prj\IAR\FN15_Debug\Obj\VCAN_LCD_ST7735R.o
#        C:\Users\jding\Desktop\国赛程序整理\Prj\IAR\FN15_Debug\Obj\VCAN_LCD_ST7735S.o
#        C:\Users\jding\Desktop\国赛程序整理\Prj\IAR\FN15_Debug\Obj\VCAN_LED.o
#        C:\Users\jding\Desktop\国赛程序整理\Prj\IAR\FN15_Debug\Obj\VCAN_MMA7455.o
#        C:\Users\jding\Desktop\国赛程序整理\Prj\IAR\FN15_Debug\Obj\VCAN_NRF24L0.o
#        C:\Users\jding\Desktop\国赛程序整理\Prj\IAR\FN15_Debug\Obj\VCAN_NRF24L0_MSG.o
#        C:\Users\jding\Desktop\国赛程序整理\Prj\IAR\FN15_Debug\Obj\VCAN_OV7725_Eagle.o
#        C:\Users\jding\Desktop\国赛程序整理\Prj\IAR\FN15_Debug\Obj\VCAN_OV7725_Wolf.o
#        C:\Users\jding\Desktop\国赛程序整理\Prj\IAR\FN15_Debug\Obj\VCAN_RTC_count.o
#        C:\Users\jding\Desktop\国赛程序整理\Prj\IAR\FN15_Debug\Obj\VCAN_SCCB.o
#        C:\Users\jding\Desktop\国赛程序整理\Prj\IAR\FN15_Debug\Obj\vcan_sd_app.o
#        C:\Users\jding\Desktop\国赛程序整理\Prj\IAR\FN15_Debug\Obj\Vcan_touch.o
#        C:\Users\jding\Desktop\国赛程序整理\Prj\IAR\FN15_Debug\Obj\VCAN_TSL1401.o
#        C:\Users\jding\Desktop\国赛程序整理\Prj\IAR\FN15_Debug\Obj\VCAN_UI_VAR.o
#        C:\Users\jding\Desktop\国赛程序整理\Prj\IAR\FN15_Debug\Obj\vectors.o
#        --redirect _Printf=_PrintfLargeNoMb --redirect _Scanf=_ScanfLargeNoMb
#        -o
#        C:\Users\jding\Desktop\国赛程序整理\Prj\IAR\FN15_Debug\Exe\vcan_Kinetis.out
#        --map
#        C:\Users\jding\Desktop\国赛程序整理\Prj\IAR\FN15_Debug\List\vcan_Kinetis.map
#        --config "C:\Users\jding\Desktop\国赛程序整理\Prj\IAR\config
#        files\vcan_ROM_K60N1M.icf"
#        C:\Users\jding\Desktop\国赛程序整理\Prj\IAR\..\..\Lib\CMSIS\iar_cortexM4l_math.a
#        --entry __iar_program_start --redirect __write=__write_buffered --vfe
#
###############################################################################

*******************************************************************************
*** RUNTIME MODEL ATTRIBUTES
***

CppFlavor       = *
__SystemLibrary = DLib


*******************************************************************************
*** PLACEMENT SUMMARY
***

"A0":  place at 0x00000000 { ro section .intvec };
"A1":  place at 0x00000410 { ro section .noinit };
"P1":  place in [from 0x00000000 to 0x00100000] { ro, block CodeRelocate };
"P2":  place in [from 0x1fff0410 to 0x20010000] {
          rw, block CodeRelocateRam, block CSTACK, block HEAP };
initialize manually with packing = copy, complex ranges { rw };
initialize manually with packing = copy, complex ranges { section .data };
initialize manually with packing = copy, complex ranges { section .textrw };

  Section              Kind        Address    Size  Object
  -------              ----        -------    ----  ------
"A0":                                        0x410
  .intvec              const    0x00000000   0x410  vectors.o [1]
                              - 0x00000410   0x410

"A1":                                          0x8
  .noinit              ro code  0x00000410     0x8  startup_MK60DZ10.o [1]
                              - 0x00000418     0x8

"P1":                                       0x4c10
  .text                ro code  0x00000418   0xc12  xprintflarge_nomb.o [3]
  .rodata              const    0x0000102a     0x2  VCAN_camera.o [1]
  .text                ro code  0x0000102c    0x16  strchr.o [5]
  .text                ro code  0x00001044    0x36  strlen.o [5]
  .text                ro code  0x0000107c    0x58  memchr.o [5]
  .text                ro code  0x000010d4    0xee  I64DivMod.o [5]
  .text                ro code  0x000011c4    0x76  ABImemcpy_unaligned.o [5]
  .text                ro code  0x0000123a    0x44  xdnorm.o [4]
  .text                ro code  0x00001280    0x2e  DblCmpLe.o [4]
  .text                ro code  0x000012b0   0x1a2  DblMul.o [4]
  .text                ro code  0x00001454   0x256  DblDiv.o [4]
  .text                ro code  0x000016ac    0x58  DblToI32.o [4]
  .text                ro code  0x00001704    0x30  I32ToDbl.o [4]
  .text                ro code  0x00001734   0x180  DblSub.o [4]
  .text                ro code  0x000018b4    0x6c  localeconv.o [3]
  .text                ro code  0x00001920     0xe  div.o [3]
  .text                ro code  0x00001930     0x2  I64DivZer.o [5]
  .text                ro code  0x00001934    0xd4  DblAdd.o [4]
  .text                ro code  0x00001a08     0x2  xtls.o [3]
  .data_init                    0x00001a0c   0x868  <Block>
    Initializer bytes  const    0x00001a0c   0x868  <for .data-1>
  .text                ro code  0x00002274   0x5e0  MK60_ftm.o [1]
  .text                ro code  0x00002854    0xb8  MK60_port.o [1]
  Veneer               ro code  0x0000290c     0x8  - Linker created -
  Veneer               ro code  0x00002914     0x8  - Linker created -
  .text                ro code  0x0000291c   0x144  MK60_conf.o [1]
  .text                ro code  0x00002a60    0xac  VCAN_LED.o [1]
  .text                ro code  0x00002b0c    0x24  printf.o [3]
  .text                ro code  0x00002b30    0x64  MK60_SysTick.o [1]
  .text                ro code  0x00002b94   0x248  MK60_uart.o [1]
  .text                ro code  0x00002ddc    0x9c  VCAN_key.o [1]
  .text                ro code  0x00002e78   0x19c  MK60_gpio.o [1]
  Veneer               ro code  0x00003014     0x8  - Linker created -
  .text                ro code  0x0000301c   0x3d4  MK60_mcg.o [1]
  .text                ro code  0x000033f0   0x362  VCAN_SCCB.o [1]
  .text                ro code  0x00003754   0x2dc  ServoControl.o [1]
  .text                ro code  0x00003a30   0x28c  ImageProcessing.o [1]
  .text                ro code  0x00003cbc    0x94  VCAN_camera.o [1]
  .text                ro code  0x00003d50   0x244  MK60_dma.o [1]
  .text                ro code  0x00003f94   0x240  VCAN_OV7725_Eagle.o [1]
  .text                ro code  0x000041d4   0x230  main.o [1]
  .text                ro code  0x00004404   0x12c  devoce.o [1]
  .text                ro code  0x00004530    0x50  misc.o [1]
  .text                ro code  0x00004580   0x190  MK60_PIT.o [1]
  .text                ro code  0x00004710   0x108  MotorControl.o [1]
  CodeRelocate                  0x00004818   0x1f0  <Block>
    Initializer bytes  const    0x00004818   0x1f0  <for CodeRelocateRam-1>
  .text                ro code  0x00004a08   0x130  system_MK60DZ10.o [1]
  .text                ro code  0x00004b38    0x40  MK60_wdog.o [1]
  .rodata              const    0x00004b78    0x44  MK60_flash.o [1]
  .rodata              const    0x00004bbc    0x44  MK60_SysTick.o [1]
  .rodata              const    0x00004c00    0x40  MK60_dma.o [1]
  .rodata              const    0x00004c40    0x40  MK60_ftm.o [1]
  .rodata              const    0x00004c80    0x40  MK60_gpio.o [1]
  .rodata              const    0x00004cc0    0x40  MK60_PIT.o [1]
  .rodata              const    0x00004d00    0x40  MK60_uart.o [1]
  .text                ro code  0x00004d40    0x40  zero_init3.o [5]
  .rodata              const    0x00004d80    0x3c  misc.o [1]
  .rodata              const    0x00004dbc    0x3c  MK60_conf.o [1]
  .text                ro code  0x00004df8    0x28  data_init.o [5]
  .rodata              const    0x00004e20    0x24  MK60_conf.o [1]
  .rodata              const    0x00004e44    0x24  VCAN_OV7725_Eagle.o [1]
  .rodata              const    0x00004e68    0x24  VCAN_OV7725_Eagle.o [1]
  .iar.init_table      const    0x00004e8c    0x10  - Linker created -
  .rodata              const    0x00004e9c    0x20  MK60_conf.o [1]
  .rodata              const    0x00004ebc    0x20  VCAN_OV7725_Eagle.o [1]
  .text                ro code  0x00004edc    0x1a  cmain.o [5]
  .text                ro code  0x00004ef6     0x4  low_level_init.o [3]
  .text                ro code  0x00004efa     0x4  exit.o [3]
  .text                ro code  0x00004f00     0xa  cexit.o [5]
  .text                ro code  0x00004f0c     0xc  XXexit.o [5]
  .rodata              const    0x00004f18    0x18  VCAN_OV7725_Eagle.o [1]
  .rodata              const    0x00004f30    0x18  VCAN_OV7725_Eagle.o [1]
  .text                ro code  0x00004f48    0x16  xprout.o [3]
  .text                ro code  0x00004f60     0xc  putchar.o [3]
  .rodata              const    0x00004f6c    0x14  MK60_conf.o [1]
  .rodata              const    0x00004f80    0x14  VCAN_OV7725_Eagle.o [1]
  .text                ro code  0x00004f94     0xc  cstartup_M.o [5]
  .rodata              const    0x00004fa0     0x0  zero_init3.o [5]
  Initializer bytes    const    0x00004fa0    0x88  <for P2 s0>
                              - 0x00005028  0x4c10

"P2", part 1 of 3:                           0xa58
  .data                         0x1fff0410   0x868  <Block>
    .data-1                     0x1fff0410   0x867  <Init block>
      .data            inited   0x1fff0410   0x708  MK60_conf.o [1]
      .data            inited   0x1fff0b18    0x10  MK60_ftm.o [1]
      .data            inited   0x1fff0b28    0x14  MK60_gpio.o [1]
      .data            inited   0x1fff0b3c    0x58  MK60_mcg.o [1]
      .data            inited   0x1fff0b94     0x4  MK60_mcg.o [1]
      .data            inited   0x1fff0b98    0x14  MK60_port.o [1]
      .data            inited   0x1fff0bac    0x18  MK60_uart.o [1]
      .data            inited   0x1fff0bc4     0x8  VCAN_key.o [1]
      .data            inited   0x1fff0bcc     0x4  VCAN_LED.o [1]
      .data            inited   0x1fff0bd0    0x64  VCAN_OV7725_Eagle.o [1]
      .data            inited   0x1fff0c34    0x40  xfiles.o [3]
      .data            inited   0x1fff0c74     0x1  ServoControl.o [1]
      .data            inited   0x1fff0c75     0x1  VCAN_OV7725_Eagle.o [1]
      .data            inited   0x1fff0c76     0x1  VCAN_OV7725_Eagle.o [1]
  CodeRelocateRam               0x1fff0c78   0x1f0  <Block>
    CodeRelocateRam-1           0x1fff0c78   0x1f0  <Init block>
      Veneer           inited   0x1fff0c78     0x8  - Linker created -
      Veneer           inited   0x1fff0c80     0x8  - Linker created -
      .textrw          inited   0x1fff0c88   0x190  MK60_flash.o [1]
      .textrw          inited   0x1fff0e18    0x50  MK60_mcg.o [1]
                              - 0x1fff0e68   0xa58

"P2", part 2 of 3:                          0x1618
  .bss                          0x1fff0e68  0x1618  <Block>
    .bss               zero     0x1fff0e68    0x3c  ImageProcessing.o [1]
    .bss               zero     0x1fff0ea4     0x4  ImageProcessing.o [1]
    .bss               zero     0x1fff0ea8     0x4  ImageProcessing.o [1]
    .bss               zero     0x1fff0eac    0x14  ImageProcessing.o [1]
    .bss               zero     0x1fff0ec0    0x14  ImageProcessing.o [1]
    .bss               zero     0x1fff0ed4   0x258  main.o [1]
    .bss               zero     0x1fff112c  0x12c0  main.o [1]
    .bss               zero     0x1fff23ec     0x4  main.o [1]
    .bss               zero     0x1fff23f0     0x4  main.o [1]
    .bss               zero     0x1fff23f4    0x10  MK60_ftm.o [1]
    .bss               zero     0x1fff2404     0x8  MotorControl.o [1]
    .bss               zero     0x1fff240c     0xc  ServoControl.o [1]
    .bss               zero     0x1fff2418     0x4  system_MK60DZ10.o [1]
    .bss               zero     0x1fff241c     0x4  system_MK60DZ10.o [1]
    .bss               zero     0x1fff2420     0x4  system_MK60DZ10.o [1]
    .bss               zero     0x1fff2424     0x4  VCAN_OV7725_Eagle.o [1]
    .bss               zero     0x1fff2428    0x50  xfiles.o [3]
    .bss               zero     0x1fff2478     0x2  MotorControl.o [1]
    .bss               zero     0x1fff247a     0x2  ServoControl.o [1]
    .bss               zero     0x1fff247c     0x1  main.o [1]
    .bss               zero     0x1fff247d     0x1  main.o [1]
    .bss               zero     0x1fff247e     0x1  VCAN_OV7725_Eagle.o [1]
                              - 0x1fff2480  0x1618

"P2", part 3 of 3:                            0x88
  P2 s0                         0x1fff2480    0x88  <Init block>
    __DLIB_PERTHREAD   inited   0x1fff2480    0x88  localeconv.o [3]
                              - 0x1fff2508    0x88


*******************************************************************************
*** INIT TABLE
***

          Address     Size
          -------     ----
Zero (__iar_zero_init3)
    1 destination range, total size 0x1617:
          0x1fff0e68  0x1617



*******************************************************************************
*** MODULE SUMMARY
***

    Module                 ro code  rw code  ro data  rw data
    ------                 -------  -------  -------  -------
C:\Users\jding\Desktop\国赛程序整理\Prj\IAR\FN15_Debug\Obj: [1]
    ImageProcessing.o          652                        108
    MK60_PIT.o                 400                64
    MK60_SysTick.o             100                68
    MK60_conf.o                324             1 948    1 800
    MK60_dma.o                 580                64
    MK60_flash.o                        400      468
    MK60_ftm.o               1 504                80       32
    MK60_gpio.o                412                84       20
    MK60_mcg.o                 980       80      172       92
    MK60_port.o                184                20       20
    MK60_uart.o                584                88       24
    MK60_wdog.o                 64
    MotorControl.o             264                         10
    ServoControl.o             732                 1       15
    VCAN_LED.o                 172                 4        4
    VCAN_OV7725_Eagle.o        576               274      107
    VCAN_SCCB.o                866
    VCAN_camera.o              148                 2
    VCAN_key.o                 156                 8        8
    devoce.o                   300
    main.o                     560                      5 410
    misc.o                      80                60
    startup_MK60DZ10.o           8
    system_MK60DZ10.o          304                         12
    vectors.o                                  1 040
    ---------------------------------------------------------
    Total:                   9 950      480    4 445    7 662

command line: [2]
    ---------------------------------------------------------
    Total:

dl7M_tlf.a: [3]
    div.o                       14
    exit.o                       4
    localeconv.o               108               136      136
    low_level_init.o             4
    printf.o                    36
    putchar.o                   12
    xfiles.o                                      64      144
    xprintflarge_nomb.o      3 090
    xprout.o                    22
    xtls.o                       2
    ---------------------------------------------------------
    Total:                   3 292               200      280

m7M_tl.a: [4]
    DblAdd.o                   212
    DblCmpLe.o                  46
    DblDiv.o                   598
    DblMul.o                   418
    DblSub.o                   384
    DblToI32.o                  88
    I32ToDbl.o                  48
    xdnorm.o                    68
    ---------------------------------------------------------
    Total:                   1 862

rt7M_tl.a: [5]
    ABImemcpy_unaligned.o      118
    I64DivMod.o                238
    I64DivZer.o                  2
    XXexit.o                    12
    cexit.o                     10
    cmain.o                     26
    cstartup_M.o                12
    data_init.o                 40
    memchr.o                    88
    strchr.o                    22
    strlen.o                    54
    zero_init3.o                64
    ---------------------------------------------------------
    Total:                     686

    Gaps                        26
    Linker created              24       16       33
-------------------------------------------------------------
    Grand Total:            15 840      496    4 678    7 942


*******************************************************************************
*** ENTRY LIST
***

Entry                      Address    Size  Type      Object
-----                      -------    ----  ----      ------
.bss$$Base              0x1fff0e68           --   Gb  - Linker created -
.bss$$Limit             0x1fff2480           --   Gb  - Linker created -
.data$$Base             0x1fff0410           --   Gb  - Linker created -
.data$$Limit            0x1fff0c78           --   Gb  - Linker created -
.data_init$$Base        0x00001a0c           --   Gb  - Linker created -
.data_init$$Limit       0x00002274           --   Gb  - Linker created -
.iar.init_table$$Base   0x00004e8c           --   Gb  - Linker created -
.iar.init_table$$Limit  0x00004e9c           --   Gb  - Linker created -
?main                   0x00004edd          Code  Gb  cmain.o [5]
ASSERT_FAILED_STR       0x00004e20    0x24  Data  Gb  MK60_conf.o [1]
Axis_X                  0x1fff0ea4     0x4  Data  Gb  ImageProcessing.o [1]
Axis_Y                  0x1fff0ea8     0x4  Data  Gb  ImageProcessing.o [1]
CodeRelocate$$Base      0x00004818           --   Gb  - Linker created -
CodeRelocate$$Limit     0x00004a08           --   Gb  - Linker created -
CodeRelocateRam$$Base   0x1fff0c78           --   Gb  - Linker created -
CodeRelocateRam$$Limit  0x1fff0e68           --   Gb  - Linker created -
D                       0x1fff247c     0x1  Data  Gb  main.o [1]
DMA0_IRQHandler         0x0000435d     0x8  Code  Gb  main.o [1]
DMA_Over_Flg            0x1fff247e     0x1  Data  Gb  VCAN_OV7725_Eagle.o [1]
FTMN                    0x1fff0b18    0x10  Data  Gb  MK60_ftm.o [1]
FTM_port_mux            0x00002275   0x1ac  Code  Lc  MK60_ftm.o [1]
GPIOX                   0x1fff0b28    0x14  Data  Gb  MK60_gpio.o [1]
Get_X                   0x00003b89   0x116  Code  Gb  ImageProcessing.o [1]
IMAGE_PRO               0x00003a31   0x158  Code  Gb  ImageProcessing.o [1]
Image_Data_Black_spots  0x1fff0e68    0x3c  Data  Gb  ImageProcessing.o [1]
Init                    0x00004449    0xd4  Code  Gb  devoce.o [1]
KEY_PTxn                0x1fff0bc4     0x8  Data  Gb  VCAN_key.o [1]
LED_PTxn                0x1fff0bcc     0x4  Data  Gb  VCAN_LED.o [1]
LoadInt                 0x000009ad    0x6e  Code  Lc  xprintflarge_nomb.o [3]
Motor_ctl               0x00004711   0x108  Code  Gb  MotorControl.o [1]
NVIC_DisableIRQ         0x000041e9    0x14  Code  Lc  main.o [1]
NVIC_DisableIRQ         0x00003fa9    0x14  Code  Lc  VCAN_OV7725_Eagle.o [1]
NVIC_EnableIRQ          0x000041d5    0x14  Code  Lc  main.o [1]
NVIC_EnableIRQ          0x00003f95    0x14  Code  Lc  VCAN_OV7725_Eagle.o [1]
NVIC_SetPriority        0x00004423    0x26  Code  Lc  devoce.o [1]
NVIC_SetPriorityGrouping
                        0x00004405    0x1e  Code  Lc  devoce.o [1]
NVIC_SystemReset        0x0000291d    0x1a  Code  Lc  MK60_conf.o [1]
PID_M                   0x1fff2404     0x8  Data  Gb  MotorControl.o [1]
PID_add                 0x1fff247a     0x2  Data  Gb  ServoControl.o [1]
PID_m_add               0x1fff2478     0x2  Data  Gb  MotorControl.o [1]
PIT0_IRQHandler         0x00004365    0x50  Code  Gb  main.o [1]
PIT1_IRQHandler         0x000043b5    0x1c  Code  Gb  main.o [1]
PORTA_IRQHandler        0x00004331    0x2a  Code  Gb  main.o [1]
PORTX                   0x1fff0b98    0x14  Data  Gb  MK60_port.o [1]
Region$$Table$$Base     0x00004e8c           --   Gb  - Linker created -
Region$$Table$$Limit    0x00004e9c           --   Gb  - Linker created -
Reset_Handler           0x00000411          Code  Gb  startup_MK60DZ10.o [1]
SCCB_Ack                0x000034c5    0x3c  Code  Lc  VCAN_SCCB.o [1]
SCCB_GPIO_init          0x0000340b    0x28  Code  Gb  VCAN_SCCB.o [1]
SCCB_NoAck              0x00003501    0x3c  Code  Lc  VCAN_SCCB.o [1]
SCCB_ReadByte           0x000036a1    0x2c  Code  Gb  VCAN_SCCB.o [1]
SCCB_ReadByte_one       0x000036cd    0x86  Code  Lc  VCAN_SCCB.o [1]
SCCB_ReceiveByte        0x000035cd    0x54  Code  Lc  VCAN_SCCB.o [1]
SCCB_SendByte           0x00003589    0x44  Code  Lc  VCAN_SCCB.o [1]
SCCB_Start              0x00003433    0x5e  Code  Lc  VCAN_SCCB.o [1]
SCCB_Stop               0x00003491    0x34  Code  Lc  VCAN_SCCB.o [1]
SCCB_WaitAck            0x0000353d    0x4c  Code  Lc  VCAN_SCCB.o [1]
SCCB_WriteByte          0x00003631    0x28  Code  Gb  VCAN_SCCB.o [1]
SCCB_WriteByte_one      0x00003659    0x48  Code  Lc  VCAN_SCCB.o [1]
SCCB_delay              0x000033f1    0x1a  Code  Lc  VCAN_SCCB.o [1]
Servo_ctl               0x00003755    0xce  Code  Gb  ServoControl.o [1]
Servo_ctl::q            0x1fff240c     0xc  Data  Lc  ServoControl.o [1]
Start                   0x1fff247d     0x1  Data  Gb  main.o [1]
UARTN                   0x1fff0bac    0x18  Data  Gb  MK60_uart.o [1]
_GenldLargeNoMb         0x00000da3   0x23e  Code  Lc  xprintflarge_nomb.o [3]
_LdtobLargeNoMb         0x00000b25   0x278  Code  Lc  xprintflarge_nomb.o [3]
_LitobLargeNoMb         0x00000a1b   0x10a  Code  Lc  xprintflarge_nomb.o [3]
_Locale_aeabi_lconv     0x1fff24d0    0x38  Data  Gb  localeconv.o [3]
_Locale_lconv           0x1fff2480    0x50  Data  Gb  localeconv.o [3]
_PrintfLargeNoMb        0x00000419   0x58e  Code  Gb  xprintflarge_nomb.o [3]
_Prout                  0x00004f49    0x16  Code  Gb  xprout.o [3]
_PutcharsLargeNoMb      0x00000fe1    0x2e  Code  Lc  xprintflarge_nomb.o [3]
__BOOT_STACK_ADDRESS {Abs}
                        0x2000fff8          Data  Gb  command line/config [2]
__VECTOR_RAM {Abs}      0x1fff0000          Data  Gb  command line/config [2]
__VECTOR_TABLE {Abs}    0x00000000          Data  Gb  command line/config [2]
__aeabi_cdcmple         0x00001281          Code  Gb  DblCmpLe.o [4]
__aeabi_d2iz            0x000016ad          Code  Gb  DblToI32.o [4]
__aeabi_d2uiz           0x000016d9          Code  Gb  DblToI32.o [4]
__aeabi_ddiv            0x00001455          Code  Gb  DblDiv.o [4]
__aeabi_dmul            0x000012b1          Code  Gb  DblMul.o [4]
__aeabi_dsub            0x00001735          Code  Gb  DblSub.o [4]
__aeabi_i2d             0x00001705          Code  Gb  I32ToDbl.o [4]
__aeabi_ldiv0           0x00001931          Code  Gb  I64DivZer.o [5]
__aeabi_ui2d            0x00001719          Code  Gb  I32ToDbl.o [4]
__aeabi_uldivmod        0x000010d5          Code  Gb  I64DivMod.o [5]
__cmain                 0x00004edd          Code  Gb  cmain.o [5]
__code_start__ {Abs}    0x00000410          Data  Gb  command line/config [2]
__exit                  0x00004f0d          Code  Gb  XXexit.o [5]
__iar_Dnorm             0x0000123b    0x44  Code  Gb  xdnorm.o [4]
__iar_Locale_lconv_init
                        0x000018b5    0x3a  Code  Gb  localeconv.o [3]
__iar_Memchr            0x0000107d          Code  Gb  memchr.o [5]
__iar_Stdout            0x1fff0c34    0x40  Data  Gb  xfiles.o [3]
__iar_Strchr            0x0000102d          Code  Gb  strchr.o [5]
__iar_d2uiz             0x000016e5          Code  Gb  DblToI32.o [4]
__iar_dadd              0x00001935          Code  Gb  DblAdd.o [4]
__iar_data_init3        0x00004df9    0x28  Code  Gb  data_init.o [5]
__iar_dlib_perthread_access
                        0x00001a09     0x2  Code  Gb  xtls.o [3]
__iar_dsub              0x00001749          Code  Gb  DblSub.o [4]
__iar_dsubStart         0x0000175b          Code  Gb  DblSub.o [4]
__iar_program_start     0x00004f95          Code  Gb  cstartup_M.o [5]
__iar_ui2d              0x0000171d          Code  Gb  I32ToDbl.o [4]
__iar_unaligned___aeabi_memcpy
                        0x000011c5          Code  Gb  ABImemcpy_unaligned.o [5]
__iar_unaligned___aeabi_memcpy4
                        0x000011e5          Code  Gb  ABImemcpy_unaligned.o [5]
__iar_unaligned___aeabi_memcpy8
                        0x000011e5          Code  Gb  ABImemcpy_unaligned.o [5]
__iar_zero_init3        0x00004d41    0x40  Code  Gb  zero_init3.o [5]
__low_level_init        0x00004ef7     0x4  Code  Gb  low_level_init.o [3]
__vector_table          0x00000000   0x410  Data  Gb  vectors.o [1]
_call_main              0x00004ee9          Code  Gb  cmain.o [5]
_exit                   0x00004f01          Code  Gb  cexit.o [5]
_main                   0x00004ef3          Code  Gb  cmain.o [5]
assert_failed           0x00002937    0x26  Code  Gb  MK60_conf.o [1]
bus_clk_khz             0x1fff2420     0x4  Data  Gb  system_MK60DZ10.o [1]
common_startup          0x00004a67    0x98  Code  Gb  system_MK60DZ10.o [1]
core_clk_khz            0x1fff2418     0x4  Data  Gb  system_MK60DZ10.o [1]
core_clk_mhz            0x1fff241c     0x4  Data  Gb  system_MK60DZ10.o [1]
default_isr             0x00002a0b    0x34  Code  Gb  MK60_conf.o [1]
derection               0x00003981    0x82  Code  Gb  ServoControl.o [1]
div                     0x00001921     0xe  Code  Gb  div.o [3]
dma_gpio_input_init     0x00003d51    0x60  Code  Lc  MK60_dma.o [1]
dma_portx2buff_init     0x00003db1   0x1b0  Code  Gb  MK60_dma.o [1]
exit                    0x00004efb     0x4  Code  Gb  exit.o [3]
flash_cmd               0x1fff0c89    0x20  Code  Gb  MK60_flash.o [1]
flash_erase_sector      0x1fff0ccd    0x5c  Code  Gb  MK60_flash.o [1]
flash_init              0x1fff0ca9    0x24  Code  Gb  MK60_flash.o [1]
flash_write             0x1fff0d29    0xb4  Code  Gb  MK60_flash.o [1]
fputc                   0x0000295d    0x14  Code  Gb  MK60_conf.o [1]
ftm_mod                 0x1fff23f4    0x10  Data  Lc  MK60_ftm.o [1]
ftm_pwm_duty            0x000025cd   0x112  Code  Gb  MK60_ftm.o [1]
ftm_pwm_init            0x00002421   0x1ac  Code  Gb  MK60_ftm.o [1]
ftm_quad_clean          0x00002811    0x28  Code  Gb  MK60_ftm.o [1]
ftm_quad_get            0x000027e5    0x2c  Code  Gb  MK60_ftm.o [1]
ftm_quad_init           0x000026df   0x106  Code  Gb  MK60_ftm.o [1]
gete_X                  0x1fff0eac    0x14  Data  Gb  ImageProcessing.o [1]
gete_Y                  0x1fff0ec0    0x14  Data  Gb  ImageProcessing.o [1]
gpio_get                0x00002fd1    0x3a  Code  Gb  MK60_gpio.o [1]
gpio_init               0x00002e79    0xae  Code  Gb  MK60_gpio.o [1]
gpio_set                0x00002f27    0x72  Code  Gb  MK60_gpio.o [1]
gpio_turn               0x00002f99    0x38  Code  Gb  MK60_gpio.o [1]
img                     0x1fff112c  0x12c0  Data  Gb  main.o [1]
img_extract             0x00003cbd    0x94  Code  Gb  VCAN_camera.o [1]
imgbuff                 0x1fff0ed4   0x258  Data  Gb  main.o [1]
jude                    0x00003823   0x15e  Code  Gb  ServoControl.o [1]
key_check               0x00002e49    0x2a  Code  Gb  VCAN_key.o [1]
key_get                 0x00002e2f    0x1a  Code  Gb  VCAN_key.o [1]
key_init                0x00002ddd    0x52  Code  Gb  VCAN_key.o [1]
led                     0x00002a9b    0x3c  Code  Gb  VCAN_LED.o [1]
led_init                0x00002a61    0x3a  Code  Gb  VCAN_LED.o [1]
led_turn                0x00002ad7    0x32  Code  Gb  VCAN_LED.o [1]
localeconv              0x000018ef    0x16  Code  Gb  localeconv.o [3]
main                    0x000041fd   0x134  Code  Gb  main.o [1]
mcg_cfg                 0x1fff0b3c    0x58  Data  Gb  MK60_mcg.o [1]
mcg_div                 0x1fff0b94     0x4  Data  Gb  MK60_mcg.o [1]
mcg_div_count           0x0000301d   0x304  Code  Gb  MK60_mcg.o [1]
memchr                  0x0000107d          Code  Gb  memchr.o [5]
mode                    0x1fff0c74     0x1  Data  Gb  ServoControl.o [1]
obuf                    0x1fff2428    0x50  Data  Lc  xfiles.o [3]
ov7725_eagle_cfgnum     0x1fff0c76     0x1  Data  Gb  VCAN_OV7725_Eagle.o [1]
ov7725_eagle_dma        0x00004075    0x14  Code  Gb  VCAN_OV7725_Eagle.o [1]
ov7725_eagle_get_img    0x00004089    0x48  Code  Gb  VCAN_OV7725_Eagle.o [1]
ov7725_eagle_img_buff   0x1fff2424     0x4  Data  Gb  VCAN_OV7725_Eagle.o [1]
ov7725_eagle_img_flag   0x1fff0c75     0x1  Data  Gb  VCAN_OV7725_Eagle.o [1]
ov7725_eagle_init       0x00003fbd    0x18  Code  Gb  VCAN_OV7725_Eagle.o [1]
ov7725_eagle_port_init  0x00003fd5    0x54  Code  Lc  VCAN_OV7725_Eagle.o [1]
ov7725_eagle_reg        0x1fff0bd0    0x64  Data  Gb  VCAN_OV7725_Eagle.o [1]
ov7725_eagle_reg_init   0x000040d1    0xb2  Code  Lc  VCAN_OV7725_Eagle.o [1]
ov7725_eagle_vsync      0x00004029    0x4c  Code  Gb  VCAN_OV7725_Eagle.o [1]
pit_close               0x000046cf    0x32  Code  Gb  MK60_PIT.o [1]
pit_init                0x00004581    0x6c  Code  Gb  MK60_PIT.o [1]
pit_time_get            0x00004667    0x68  Code  Gb  MK60_PIT.o [1]
pit_time_start          0x000045ed    0x7a  Code  Gb  MK60_PIT.o [1]
pll_init                0x00003321    0xb2  Code  Gb  MK60_mcg.o [1]
port_init               0x00002855    0x48  Code  Gb  MK60_port.o [1]
port_init_NoALT         0x0000289d    0x66  Code  Gb  MK60_port.o [1]
printf                  0x00002b0d    0x24  Code  Gb  printf.o [3]
putchar                 0x00004f61     0xc  Code  Gb  putchar.o [3]
set_speed               0x1fff23f0     0x4  Data  Gb  main.o [1]
set_sys_dividers        0x1fff0e19    0x50  Code  Gb  MK60_mcg.o [1]
set_vector_handler      0x00004553    0x22  Code  Gb  misc.o [1]
speed                   0x1fff23ec     0x4  Data  Gb  main.o [1]
start                   0x00004a09    0x22  Code  Gb  system_MK60DZ10.o [1]
start_check             0x00002971    0x9a  Code  Gb  MK60_conf.o [1]
strchr                  0x0000102d          Code  Gb  strchr.o [5]
strlen                  0x00001045          Code  Gb  strlen.o [5]
sysinit                 0x00004a2b    0x3c  Code  Gb  system_MK60DZ10.o [1]
systick_delay           0x00002b31    0x36  Code  Gb  MK60_SysTick.o [1]
systick_delay_ms        0x00002b67    0x18  Code  Gb  MK60_SysTick.o [1]
uart_init               0x00002b95   0x214  Code  Gb  MK60_uart.o [1]
uart_putchar            0x00002da9    0x1a  Code  Gb  MK60_uart.o [1]
vector_str              0x1fff0410   0x708  Data  Gb  MK60_conf.o [1]
wdog_disable            0x00004b39    0x16  Code  Gb  MK60_wdog.o [1]
wdog_unlock             0x00004b4f    0x20  Code  Lc  MK60_wdog.o [1]
write_vtor              0x00004531    0x22  Code  Gb  misc.o [1]


[1] = C:\Users\jding\Desktop\国赛程序整理\Prj\IAR\FN15_Debug\Obj
[2] = command line
[3] = dl7M_tlf.a
[4] = m7M_tl.a
[5] = rt7M_tl.a

  15 840 bytes of readonly  code memory
     496 bytes of readwrite code memory
   4 678 bytes of readonly  data memory
   7 942 bytes of readwrite data memory

Errors: none
Warnings: none
